C51 COMPILER V9.54   TEST3                                                                 06/07/2022 13:53:07 PAGE 1   


C51 COMPILER V9.54, COMPILATION OF MODULE TEST3
OBJECT MODULE PLACED IN .\Objects\test3.obj
COMPILER INVOKED BY: D:\work-software\Keil5\C51\BIN\C51.EXE test3.c OPTIMIZE(8,SPEED) BROWSE DEBUG OBJECTEXTEND PRINT(.\
                    -Listings\test3.lst) TABS(2) OBJECT(.\Objects\test3.obj)

line level    source

   1          #include <reg51.h>
   2          #define uchar unsigned char 
   3          uchar data BUF1[5]={0x22,0x20,0x20,0x13,0x57};
   4          uchar data BUF2[10];
   5          // 22 20 20 13 57
   6          // 32 32 30 32  30 32 33 31 37 35
   7          void main() //定义主函数，函数无返回类型
   8          {
   9   1          uchar i; //定义普通变量x，类型为无符号字节
  10   1          for(i=0;i<5;i++) //实现5次循环，10次转换
  11   1          {
  12   2              BUF2[i*2]=0x30+(BUF1[i]&0x0f);
  13   2              BUF2[i*2+1]=0x30+(BUF1[i]>>4);
  14   2          }
  15   1          while(1); //动态停机，相当于执行指令SJMP $
  16   1      }


MODULE INFORMATION:   STATIC OVERLAYABLE
   CODE SIZE        =     45    ----
   CONSTANT SIZE    =   ----    ----
   XDATA SIZE       =   ----    ----
   PDATA SIZE       =   ----    ----
   DATA SIZE        =     15    ----
   IDATA SIZE       =   ----    ----
   BIT SIZE         =   ----    ----
END OF MODULE INFORMATION.


C51 COMPILATION COMPLETE.  0 WARNING(S),  0 ERROR(S)
