BL51 BANKED LINKER/LOCATER V6.22                                                        10/23/2021  09:20:38  PAGE 1


BL51 BANKED LINKER/LOCATER V6.22, INVOKED BY:
D:\WORK-SOFTWARE\KEIL5\C51\BIN\BL51.EXE .\Objects\STARTUP.obj, .\Objects\main.obj TO .\Objects\test PRINT (.\Listings\te
>> st.m51) RAMSIZE (256)


MEMORY MODEL: SMALL


INPUT MODULES INCLUDED:
  .\Objects\STARTUP.obj (?C_STARTUP)
  .\Objects\main.obj (MAIN)
  D:\WORK-SOFTWARE\KEIL5\C51\LIB\C51S.LIB (?C_INIT)


LINK MAP OF MODULE:  .\Objects\test (?C_STARTUP)


            TYPE    BASE      LENGTH    RELOCATION   SEGMENT NAME
            -----------------------------------------------------

            * * * * * * *   D A T A   M E M O R Y   * * * * * * *
            REG     0000H     0008H     ABSOLUTE     "REG BANK 0"
            DATA    0008H     0006H     UNIT         ?DT?MAIN
            IDATA   000EH     0001H     UNIT         ?STACK

            * * * * * * *   C O D E   M E M O R Y   * * * * * * *
            CODE    0000H     0003H     ABSOLUTE     
            CODE    0003H     02FDH     UNIT         ?CO?MAIN
            CODE    0300H     008CH     UNIT         ?C_C51STARTUP
            CODE    038CH     006FH     UNIT         ?PR?MAIN?MAIN
            CODE    03FBH     000DH     UNIT         ?C_INITSEG
            CODE    0408H     000BH     UNIT         ?PR?_DELAY?MAIN



OVERLAY MAP OF MODULE:   .\Objects\test (?C_STARTUP)


SEGMENT
  +--> CALLED SEGMENT
---------------------
?C_C51STARTUP
  +--> ?PR?MAIN?MAIN
  +--> ?C_INITSEG

?PR?MAIN?MAIN
  +--> ?CO?MAIN
  +--> ?PR?_DELAY?MAIN



SYMBOL TABLE OF MODULE:  .\Objects\test (?C_STARTUP)

  VALUE           TYPE          NAME
  ----------------------------------

  -------         MODULE        ?C_STARTUP
  C:0300H         SEGMENT       ?C_C51STARTUP
BL51 BANKED LINKER/LOCATER V6.22                                                      10/23/2021  09:20:38  PAGE 2


  I:000EH         SEGMENT       ?STACK
  C:0000H         PUBLIC        ?C_STARTUP
  D:00E0H         SYMBOL        ACC
  D:00F0H         SYMBOL        B
  D:0083H         SYMBOL        DPH
  D:0082H         SYMBOL        DPL
  N:0000H         SYMBOL        IBPSTACK
  N:0100H         SYMBOL        IBPSTACKTOP
  N:0080H         SYMBOL        IDATALEN
  C:0303H         SYMBOL        IDATALOOP
  N:0000H         SYMBOL        PBPSTACK
  N:0100H         SYMBOL        PBPSTACKTOP
  N:0000H         SYMBOL        PDATALEN
  N:0000H         SYMBOL        PDATASTART
  N:0000H         SYMBOL        PPAGE
  N:0000H         SYMBOL        PPAGEENABLE
  D:00A0H         SYMBOL        PPAGE_SFR
  D:0081H         SYMBOL        SP
  C:0300H         SYMBOL        STARTUP1
  N:0000H         SYMBOL        XBPSTACK
  N:0000H         SYMBOL        XBPSTACKTOP
  N:0000H         SYMBOL        XDATALEN
  N:0000H         SYMBOL        XDATASTART
  C:0000H         LINE#         126
  C:0300H         LINE#         133
  C:0302H         LINE#         134
  C:0303H         LINE#         135
  C:0304H         LINE#         136
  C:0306H         LINE#         185
  C:0309H         LINE#         196
  -------         ENDMOD        ?C_STARTUP

  -------         MODULE        MAIN
  C:0000H         SYMBOL        _ICE_DUMMY_
  D:0090H         PUBLIC        P1
  D:00A0H         PUBLIC        P2
  D:00B0H         PUBLIC        P3
  D:0008H         PUBLIC        pointer
  D:00A8H         PUBLIC        IE
  C:0408H         PUBLIC        _delay
  D:00B8H         PUBLIC        IP
  B:0090H.5       PUBLIC        BEEP
  C:038CH         PUBLIC        main
  D:0098H         PUBLIC        SCON
  D:0088H         PUBLIC        TCON
  C:0003H         PUBLIC        FREQUENCY
  C:002DH         PUBLIC        SOUNDTONE
  D:000AH         PUBLIC        soundplayLength
  C:011EH         PUBLIC        SOUNDLENGTH
  D:000CH         PUBLIC        soundFrequency
  D:00C8H         PUBLIC        T2CON
  D:00D0H         PUBLIC        PSW
  -------         PROC          MAIN
  C:038CH         LINE#         17
  C:038CH         LINE#         18
  C:038CH         LINE#         19
  C:0397H         LINE#         20
BL51 BANKED LINKER/LOCATER V6.22                                                      10/23/2021  09:20:38  PAGE 3


  C:0397H         LINE#         21
  C:03B3H         LINE#         22
  C:03D5H         LINE#         23
  C:03E2H         LINE#         24
  C:03E2H         LINE#         25
  C:03E4H         LINE#         26
  C:03EBH         LINE#         27
  C:03EDH         LINE#         28
  C:03F7H         LINE#         29
  C:03FAH         LINE#         30
  -------         ENDPROC       MAIN
  -------         PROC          _DELAY
  D:0006H         SYMBOL        counter
  C:0408H         LINE#         32
  C:0408H         LINE#         33
  C:0408H         LINE#         34
  C:0412H         LINE#         36
  -------         ENDPROC       _DELAY
  -------         ENDMOD        MAIN

Program Size: data=15.0 xdata=0 code=1043
LINK/LOCATE RUN COMPLETE.  0 WARNING(S),  0 ERROR(S)
