BL51 BANKED LINKER/LOCATER V6.22.2.0                                                    06/25/2022  16:26:02  PAGE 1


BL51 BANKED LINKER/LOCATER V6.22.2.0, INVOKED BY:
D:\PROGRAM FILES (X86)\KEIL5\C51\BIN\BL51.EXE test.obj TO test RAMSIZE (256)


MEMORY MODEL: SMALL


INPUT MODULES INCLUDED:
  test.obj (TEST)
  D:\PROGRAM FILES (X86)\KEIL5\C51\LIB\C51S.LIB (?C_STARTUP)
  D:\PROGRAM FILES (X86)\KEIL5\C51\LIB\C51S.LIB (?C?COPY)
  D:\PROGRAM FILES (X86)\KEIL5\C51\LIB\C51S.LIB (?C?CLDPTR)
  D:\PROGRAM FILES (X86)\KEIL5\C51\LIB\C51S.LIB (?C?CLDOPTR)
  D:\PROGRAM FILES (X86)\KEIL5\C51\LIB\C51S.LIB (?C?CILDPTR)
  D:\PROGRAM FILES (X86)\KEIL5\C51\LIB\C51S.LIB (?C?CSTPTR)
  D:\PROGRAM FILES (X86)\KEIL5\C51\LIB\C51S.LIB (?C?CSTOPTR)
  D:\PROGRAM FILES (X86)\KEIL5\C51\LIB\C51S.LIB (?C?IMUL)
  D:\PROGRAM FILES (X86)\KEIL5\C51\LIB\C51S.LIB (?C?UIDIV)
  D:\PROGRAM FILES (X86)\KEIL5\C51\LIB\C51S.LIB (?C_INIT)


LINK MAP OF MODULE:  test (TEST)


            TYPE    BASE      LENGTH    RELOCATION   SEGMENT NAME
            -----------------------------------------------------

            * * * * * * *   D A T A   M E M O R Y   * * * * * * *
            REG     0000H     0008H     ABSOLUTE     "REG BANK 0"
            DATA    0008H     0002H     UNIT         ?DT?TEST
                    000AH     0016H                  *** GAP ***
            BIT     0020H.0   0000H.7   UNIT         _BIT_GROUP_
                    0020H.7   0000H.1                *** GAP ***
            DATA    0021H     0025H     UNIT         _DATA_GROUP_
            IDATA   0046H     0001H     UNIT         ?STACK

            * * * * * * *   C O D E   M E M O R Y   * * * * * * *
            CODE    0000H     0003H     ABSOLUTE     
            CODE    0003H     0007H     UNIT         ?PR?_SENSOR_DELAY?TEST
                    000AH     0001H                  *** GAP ***
            CODE    000BH     0003H     ABSOLUTE     
            CODE    000EH     0F08H     UNIT         ?CO?TEST
            CODE    0F16H     038CH     UNIT         ?PR?_KEY_SET_CLOCK?TEST
            CODE    12A2H     02A4H     UNIT         ?PR?_LCD_LUNAR_CALENDAR?TEST
            CODE    1546H     023EH     UNIT         ?PR?_LCD_SET_CLOCK?TEST
            CODE    1784H     022BH     UNIT         ?PR?_CALENDAR_CONVERT?TEST
            CODE    19AFH     01F9H     UNIT         ?C?LIB_CODE
            CODE    1BA8H     01C5H     UNIT         ?PR?_LCD_TEMPERTURE?TEST
            CODE    1D6DH     0116H     UNIT         ?PR?_LCD_ALARM?TEST
            CODE    1E83H     010AH     UNIT         ?PR?_LCD_DATA?TEST
            CODE    1F8DH     00D7H     UNIT         ?PR?_KEY_SET_ALARM?TEST
            CODE    2064H     00D4H     UNIT         ?PR?MAIN?TEST
            CODE    2138H     00C8H     UNIT         ?PR?_LCD_TIME?TEST
            CODE    2200H     00BAH     UNIT         ?PR?LCD_CHARACTER_16X8?TEST
            CODE    22BAH     00AEH     UNIT         ?PR?_CLOCK_INITIAL?TEST
            CODE    2368H     00ADH     UNIT         ?PR?_LCD_FUNCTION?TEST
            CODE    2415H     00ABH     UNIT         ?PR?LCD_CHARACTER_16X16?TEST
            CODE    24C0H     009AH     UNIT         ?PR?WEEK_CONVERT?TEST
BL51 BANKED LINKER/LOCATER V6.22.2.0                                                  06/25/2022  16:26:02  PAGE 2


            CODE    255AH     008CH     UNIT         ?C_C51STARTUP
            CODE    25E6H     007CH     UNIT         ?PR?_KEY_FUNCTION?TEST
            CODE    2662H     0051H     UNIT         ?PR?_CLOCK_FRESH?TEST
            CODE    26B3H     0050H     UNIT         ?PR?_GET_MOON_DAY?TEST
            CODE    2703H     0044H     UNIT         ?PR?_LCD_WEEK?TEST
            CODE    2747H     003DH     UNIT         ?PR?_SENSOR_FRESH?TEST
            CODE    2784H     003CH     UNIT         ?PR?KEY_SCAN?TEST
            CODE    27C0H     0032H     UNIT         ?PR?LCD_CLEAR?TEST
            CODE    27F2H     002AH     UNIT         ?PR?TIMER0_SERVICE?TEST
            CODE    281CH     0026H     UNIT         ?PR?_LCD_SET_X_Y?TEST
            CODE    2842H     0026H     UNIT         ?PR?SENSOR_READ_BYTE?TEST
            CODE    2868H     0025H     UNIT         ?PR?SENSOR_INITIAL?TEST
            CODE    288DH     0023H     UNIT         ?PR?_SENSOR_WRITE_BYTE?TEST
            CODE    28B0H     001EH     UNIT         ?PR?_CLOCK_READ_TIME?TEST
            CODE    28CEH     001BH     UNIT         ?PR?_CLOCK_WRITE_BYTE?TEST
            CODE    28E9H     001AH     UNIT         ?PR?_DELAY?TEST
            CODE    2903H     001AH     UNIT         ?PR?CLOCK_READ_BYTE?TEST
            CODE    291DH     0018H     UNIT         ?PR?LCD_INITIAL?TEST
            CODE    2935H     0015H     UNIT         ?PR?_CLOCK_WRITE_TIME?TEST
            CODE    294AH     0012H     UNIT         ?PR?_LCD_WRITE_BYTE?TEST
            CODE    295CH     0012H     UNIT         ?PR?_LCD_CLOCK?TEST
            CODE    296EH     000FH     UNIT         ?PR?_HEXNUM_CONVERT?TEST
            CODE    297DH     000EH     UNIT         ?PR?_LCD_SET_X?TEST
            CODE    298BH     000EH     UNIT         ?PR?_LCD_SET_Y?TEST
            CODE    2999H     000CH     UNIT         ?PR?LCD_DISPLAY_ON?TEST
            CODE    29A5H     000CH     UNIT         ?PR?LCD_DISPLAY_OFF?TEST
            CODE    29B1H     000BH     UNIT         ?PR?_LCD_WRITE_COMMAND?TEST
            CODE    29BCH     0009H     UNIT         ?PR?KEY_IDLE?TEST
            CODE    29C5H     0007H     UNIT         ?C_INITSEG



OVERLAY MAP OF MODULE:   test (TEST)


SEGMENT                                 BIT_GROUP          DATA_GROUP 
  +--> CALLED SEGMENT                START    LENGTH     START    LENGTH
------------------------------------------------------------------------
?C_C51STARTUP                        -----    -----      -----    -----
  +--> ?PR?MAIN?TEST
  +--> ?C_INITSEG

?PR?MAIN?TEST                        -----    -----      0021H    000AH
  +--> ?CO?TEST
  +--> ?PR?LCD_INITIAL?TEST
  +--> ?PR?_CLOCK_FRESH?TEST
  +--> ?PR?_CLOCK_INITIAL?TEST
  +--> ?PR?KEY_SCAN?TEST
  +--> ?PR?KEY_IDLE?TEST
  +--> ?PR?_KEY_FUNCTION?TEST
  +--> ?PR?_LCD_CLOCK?TEST
  +--> ?PR?_SENSOR_FRESH?TEST
  +--> ?PR?_LCD_TEMPERTURE?TEST
  +--> ?PR?_CALENDAR_CONVERT?TEST
  +--> ?PR?WEEK_CONVERT?TEST
  +--> ?PR?_HEXNUM_CONVERT?TEST

BL51 BANKED LINKER/LOCATER V6.22.2.0                                                  06/25/2022  16:26:02  PAGE 3


?PR?LCD_INITIAL?TEST                 -----    -----      -----    -----
  +--> ?PR?LCD_DISPLAY_OFF?TEST
  +--> ?PR?_LCD_WRITE_COMMAND?TEST
  +--> ?PR?LCD_DISPLAY_ON?TEST
  +--> ?PR?LCD_CLEAR?TEST

?PR?LCD_CLEAR?TEST                   -----    -----      -----    -----
  +--> ?PR?_LCD_SET_X?TEST
  +--> ?PR?_LCD_SET_Y?TEST
  +--> ?PR?_LCD_WRITE_BYTE?TEST

?PR?_CLOCK_FRESH?TEST                -----    -----      -----    -----
  +--> ?PR?_CLOCK_READ_TIME?TEST

?PR?_CLOCK_READ_TIME?TEST            -----    -----      -----    -----
  +--> ?PR?_CLOCK_WRITE_BYTE?TEST
  +--> ?PR?CLOCK_READ_BYTE?TEST

?PR?_CLOCK_INITIAL?TEST              -----    -----      0032H    0003H
  +--> ?PR?_CLOCK_WRITE_TIME?TEST

?PR?_CLOCK_WRITE_TIME?TEST           -----    -----      -----    -----
  +--> ?PR?_CLOCK_WRITE_BYTE?TEST

?PR?KEY_SCAN?TEST                    -----    -----      -----    -----
  +--> ?PR?_DELAY?TEST

?PR?_KEY_FUNCTION?TEST               -----    -----      002BH    0007H
  +--> ?PR?LCD_CLEAR?TEST
  +--> ?PR?KEY_SCAN?TEST
  +--> ?PR?_LCD_FUNCTION?TEST
  +--> ?PR?KEY_IDLE?TEST
  +--> ?PR?_KEY_SET_CLOCK?TEST
  +--> ?PR?_CLOCK_INITIAL?TEST
  +--> ?PR?_KEY_SET_ALARM?TEST

?PR?_LCD_FUNCTION?TEST               0020H.0  0000H.2    -----    -----
  +--> ?CO?TEST
  +--> ?PR?LCD_CHARACTER_16X16?TEST

?PR?LCD_CHARACTER_16X16?TEST         0020H.6  0000H.1    0041H    0005H
  +--> ?PR?_LCD_SET_X_Y?TEST
  +--> ?PR?_LCD_WRITE_BYTE?TEST

?PR?_LCD_SET_X_Y?TEST                -----    -----      -----    -----
  +--> ?PR?_LCD_SET_Y?TEST
  +--> ?PR?_LCD_SET_X?TEST

?PR?_KEY_SET_CLOCK?TEST              -----    -----      0032H    000BH
  +--> ?PR?KEY_SCAN?TEST
  +--> ?PR?_LCD_SET_CLOCK?TEST
  +--> ?PR?KEY_IDLE?TEST

?PR?_LCD_SET_CLOCK?TEST              0020H.0  0000H.6    003DH    0003H
  +--> ?CO?TEST
  +--> ?PR?LCD_CHARACTER_16X16?TEST
  +--> ?PR?LCD_CHARACTER_16X8?TEST
BL51 BANKED LINKER/LOCATER V6.22.2.0                                                  06/25/2022  16:26:02  PAGE 4



?PR?LCD_CHARACTER_16X8?TEST          0020H.6  0000H.1    0040H    0005H
  +--> ?CO?TEST
  +--> ?PR?_LCD_SET_X_Y?TEST
  +--> ?PR?_LCD_WRITE_BYTE?TEST

?PR?_KEY_SET_ALARM?TEST              -----    -----      0032H    0003H
  +--> ?PR?KEY_SCAN?TEST
  +--> ?PR?_LCD_ALARM?TEST
  +--> ?PR?KEY_IDLE?TEST
  +--> ?PR?LCD_CLEAR?TEST

?PR?_LCD_ALARM?TEST                  0020H.0  0000H.2    0035H    0003H
  +--> ?CO?TEST
  +--> ?PR?LCD_CHARACTER_16X16?TEST
  +--> ?PR?LCD_CHARACTER_16X8?TEST

?PR?_LCD_CLOCK?TEST                  -----    -----      002BH    0003H
  +--> ?PR?_LCD_DATA?TEST
  +--> ?PR?_LCD_TIME?TEST

?PR?_LCD_DATA?TEST                   -----    -----      002EH    0003H
  +--> ?PR?LCD_CHARACTER_16X8?TEST
  +--> ?CO?TEST
  +--> ?PR?LCD_CHARACTER_16X16?TEST

?PR?_LCD_TIME?TEST                   -----    -----      002EH    0003H
  +--> ?PR?LCD_CHARACTER_16X8?TEST
  +--> ?CO?TEST
  +--> ?PR?LCD_CHARACTER_16X16?TEST

?PR?_SENSOR_FRESH?TEST               -----    -----      002BH    0003H
  +--> ?PR?SENSOR_INITIAL?TEST
  +--> ?PR?_SENSOR_WRITE_BYTE?TEST
  +--> ?PR?SENSOR_READ_BYTE?TEST

?PR?SENSOR_INITIAL?TEST              -----    -----      -----    -----
  +--> ?PR?_SENSOR_DELAY?TEST

?PR?_SENSOR_WRITE_BYTE?TEST          -----    -----      -----    -----
  +--> ?PR?_SENSOR_DELAY?TEST

?PR?SENSOR_READ_BYTE?TEST            -----    -----      -----    -----
  +--> ?PR?_SENSOR_DELAY?TEST

?PR?_LCD_TEMPERTURE?TEST             -----    -----      002BH    0005H
  +--> ?CO?TEST
  +--> ?PR?LCD_CHARACTER_16X8?TEST

?PR?_CALENDAR_CONVERT?TEST           0020H.0  0000H.2    002BH    000DH
  +--> ?CO?TEST
  +--> ?PR?_GET_MOON_DAY?TEST
  +--> ?PR?_LCD_LUNAR_CALENDAR?TEST

?PR?_GET_MOON_DAY?TEST               -----    -----      0038H    0002H
  +--> ?CO?TEST

BL51 BANKED LINKER/LOCATER V6.22.2.0                                                  06/25/2022  16:26:02  PAGE 5


?PR?_LCD_LUNAR_CALENDAR?TEST         -----    -----      0038H    0009H
  +--> ?CO?TEST
  +--> ?PR?LCD_CHARACTER_16X16?TEST

?PR?WEEK_CONVERT?TEST                0020H.0  0000H.1    002BH    0005H
  +--> ?CO?TEST
  +--> ?PR?_LCD_WEEK?TEST

?PR?_LCD_WEEK?TEST                   -----    -----      -----    -----
  +--> ?CO?TEST
  +--> ?PR?LCD_CHARACTER_16X16?TEST



SYMBOL TABLE OF MODULE:  test (TEST)

  VALUE           TYPE          NAME
  ----------------------------------

  -------         MODULE        TEST
  C:0000H         SYMBOL        _ICE_DUMMY_
  B:00E0H.7       PUBLIC        ACC7
  C:03BEH         PUBLIC        function_logo
  D:0080H         PUBLIC        P0
  D:0090H         PUBLIC        P1
  D:00A0H         PUBLIC        P2
  C:2703H         PUBLIC        _Lcd_Week
  D:00B0H         PUBLIC        P3
  C:2138H         PUBLIC        _Lcd_Time
  B:00A8H.7       PUBLIC        EA
  C:0F16H         PUBLIC        _Key_Set_Clock
  B:00B0H.6       PUBLIC        cs1
  C:1F8DH         PUBLIC        _Key_Set_Alarm
  B:00B0H.7       PUBLIC        cs2
  C:29BCH         PUBLIC        Key_Idle
  D:00A8H         PUBLIC        IE
  C:241CH         PUBLIC        Lcd_Character_16X16
  C:2784H         PUBLIC        Key_Scan
  C:281CH         PUBLIC        _Lcd_Set_X_Y
  D:00B8H         PUBLIC        IP
  C:07A2H         PUBLIC        table_week
  C:22BAH         PUBLIC        _Clock_Initial
  C:296EH         PUBLIC        _HexNum_Convert
  B:00A0H.2       PUBLIC        clock_sclk
  B:00A0H.0       PUBLIC        bell
  D:00CBH         PUBLIC        RCAP2H
  C:07AEH         PUBLIC        alarm_logo
  C:0C4EH         PUBLIC        TianGan
  D:00CAH         PUBLIC        RCAP2L
  C:2064H         PUBLIC        main
  C:29B1H         PUBLIC        _Lcd_Write_Command
  C:000EH         PUBLIC        letter_logo
  C:1BA8H         PUBLIC        _Lcd_Temperture
  C:0ACEH         PUBLIC        SX
  C:2868H         PUBLIC        Sensor_Initial
  C:010EH         PUBLIC        data_logo
  C:053EH         PUBLIC        year_code
BL51 BANKED LINKER/LOCATER V6.22.2.0                                                  06/25/2022  16:26:02  PAGE 6


  D:0098H         PUBLIC        SCON
  D:0089H         PUBLIC        TMOD
  D:0088H         PUBLIC        TCON
  C:28B7H         PUBLIC        _Clock_Read_Time
  C:2368H         PUBLIC        _Lcd_Function
  C:04BEH         PUBLIC        data_time_logo
  C:01CEH         PUBLIC        week_logo
  C:0F0EH         SYMBOL        _?ix1000
  C:291DH         PUBLIC        Lcd_Initial
  C:0F14H         SYMBOL        _?ix1001
  C:2903H         PUBLIC        Clock_Read_Byte
  C:016EH         PUBLIC        time_logo
  D:00E0H         PUBLIC        ACC
  B:00A0H.3       PUBLIC        clock_io
  B:00A8H.1       PUBLIC        ET0
  C:2668H         PUBLIC        _Clock_Fresh
  B:00A0H.4       PUBLIC        clock_rst
  B:00A8H.5       PUBLIC        ET2
  C:29A5H         PUBLIC        Lcd_Display_Off
  D:008CH         PUBLIC        TH0
  C:2935H         PUBLIC        _Clock_Write_Time
  C:0003H         PUBLIC        _Sensor_Delay
  D:008AH         PUBLIC        TL0
  C:2842H         PUBLIC        Sensor_Read_Byte
  C:24C0H         PUBLIC        Week_Convert
  C:28CEH         PUBLIC        _Clock_Write_Byte
  B:00A0H.1       PUBLIC        dq
  C:25E6H         PUBLIC        _Key_Function
  B:0088H.4       PUBLIC        TR0
  B:00C8H.2       PUBLIC        TR2
  C:2747H         PUBLIC        _Sensor_Fresh
  C:02EEH         PUBLIC        lunar_calendar_logo
  C:297DH         PUBLIC        _Lcd_Set_X
  C:0D8EH         PUBLIC        DiZhi
  C:298BH         PUBLIC        _Lcd_Set_Y
  C:27C0H         PUBLIC        Lcd_Clear
  C:084EH         PUBLIC        ucLunar
  C:2216H         PUBLIC        Lcd_Character_16X8
  C:035EH         PUBLIC        sensor_inducator_logo
  C:288DH         PUBLIC        _Sensor_Write_Byte
  C:295CH         PUBLIC        _Lcd_Clock
  C:1D6DH         PUBLIC        _Lcd_Alarm
  B:00B0H.2       PUBLIC        e
  C:1784H         PUBLIC        _Calendar_Convert
  B:00B0H.0       PUBLIC        rs
  D:00C8H         PUBLIC        T2CON
  C:032EH         PUBLIC        temperture_logo
  B:00B0H.1       PUBLIC        rw
  C:27F2H         PUBLIC        Timer0_Service
  C:2999H         PUBLIC        Lcd_Display_On
  C:0793H         PUBLIC        day_code1
  C:079CH         PUBLIC        day_code2
  C:1E83H         PUBLIC        _Lcd_Data
  C:154CH         PUBLIC        _Lcd_Set_Clock
  C:28E9H         PUBLIC        _Delay
  B:00E0H.0       PUBLIC        ACC0
  C:12A2H         PUBLIC        _Lcd_Lunar_Calendar
BL51 BANKED LINKER/LOCATER V6.22.2.0                                                  06/25/2022  16:26:02  PAGE 7


  C:2951H         PUBLIC        _Lcd_Write_Byte
  D:00D0H         PUBLIC        PSW
  C:26B9H         PUBLIC        _get_moon_day
  -------         PROC          _DELAY
  D:0006H         SYMBOL        a
  -------         DO            
  D:0005H         SYMBOL        i
  -------         ENDDO         
  C:28E9H         LINE#         18
  C:28E9H         LINE#         19
  C:28E9H         LINE#         21
  C:28F3H         LINE#         22
  C:2902H         LINE#         23
  -------         ENDPROC       _DELAY
  -------         PROC          LCD_DISPLAY_ON
  C:2999H         LINE#         30
  C:2999H         LINE#         31
  C:2999H         LINE#         32
  C:299CH         LINE#         33
  C:299EH         LINE#         34
  C:29A0H         LINE#         35
  C:29A2H         LINE#         36
  C:29A4H         LINE#         37
  -------         ENDPROC       LCD_DISPLAY_ON
  -------         PROC          LCD_DISPLAY_OFF
  C:29A5H         LINE#         44
  C:29A5H         LINE#         45
  C:29A5H         LINE#         46
  C:29A8H         LINE#         47
  C:29AAH         LINE#         48
  C:29ACH         LINE#         49
  C:29AEH         LINE#         50
  C:29B0H         LINE#         51
  -------         ENDPROC       LCD_DISPLAY_OFF
  -------         PROC          _LCD_SET_X
  D:0007H         SYMBOL        x
  C:297DH         LINE#         58
  C:297DH         LINE#         59
  C:297DH         LINE#         60
  C:2982H         LINE#         61
  C:2984H         LINE#         62
  C:2986H         LINE#         63
  C:2988H         LINE#         64
  C:298AH         LINE#         65
  -------         ENDPROC       _LCD_SET_X
  -------         PROC          _LCD_SET_Y
  D:0007H         SYMBOL        y
  C:298BH         LINE#         72
  C:298BH         LINE#         73
  C:298BH         LINE#         74
  C:2990H         LINE#         75
  C:2992H         LINE#         76
  C:2994H         LINE#         77
  C:2996H         LINE#         78
  C:2998H         LINE#         79
  -------         ENDPROC       _LCD_SET_Y
  -------         PROC          _LCD_SET_X_Y
BL51 BANKED LINKER/LOCATER V6.22.2.0                                                  06/25/2022  16:26:02  PAGE 8


  D:0005H         SYMBOL        x
  D:0006H         SYMBOL        y
  C:281CH         LINE#         86
  C:2820H         LINE#         87
  C:2820H         LINE#         89
  C:282AH         LINE#         90
  C:2832H         LINE#         92
  C:283DH         LINE#         93
  -------         ENDPROC       _LCD_SET_X_Y
  -------         PROC          _LCD_WRITE_COMMAND
  D:0007H         SYMBOL        temp
  C:29B1H         LINE#         101
  C:29B1H         LINE#         102
  C:29B1H         LINE#         103
  C:29B3H         LINE#         104
  C:29B5H         LINE#         105
  C:29B7H         LINE#         106
  C:29B9H         LINE#         107
  C:29BBH         LINE#         108
  -------         ENDPROC       _LCD_WRITE_COMMAND
  -------         PROC          L?0343
  -------         ENDPROC       L?0343
  -------         PROC          _LCD_WRITE_BYTE
  D:0007H         SYMBOL        temp
  C:2951H         LINE#         115
  C:2951H         LINE#         116
  C:2951H         LINE#         117
  C:2953H         LINE#         118
  C:2955H         LINE#         119
  C:2957H         LINE#         120
  C:2959H         LINE#         121
  C:295BH         LINE#         122
  -------         ENDPROC       _LCD_WRITE_BYTE
  C:2203H         SYMBOL        L?0335
  C:2206H         SYMBOL        L?0336
  -------         PROC          L?0334
  -------         ENDPROC       L?0334
  C:2203H         SYMBOL        L?0335
  C:2206H         SYMBOL        L?0336
  -------         PROC          LCD_CHARACTER_16X8
  B:0020H.6       SYMBOL        bit_flag
  D:0040H         SYMBOL        x
  D:0041H         SYMBOL        y
  D:0042H         SYMBOL        point
  -------         DO            
  D:0004H         SYMBOL        i
  D:0003H         SYMBOL        j
  D:0044H         SYMBOL        temp
  -------         ENDDO         
  C:2216H         LINE#         130
  C:2216H         LINE#         131
  C:2216H         LINE#         133
  C:2219H         LINE#         134
  C:221CH         LINE#         135
  C:221CH         LINE#         136
  C:222BH         LINE#         137
  C:222BH         LINE#         138
BL51 BANKED LINKER/LOCATER V6.22.2.0                                                  06/25/2022  16:26:02  PAGE 9


  C:2230H         LINE#         139
  C:2233H         LINE#         140
  C:223FH         LINE#         141
  C:223FH         LINE#         142
  C:2248H         LINE#         143
  C:2269H         LINE#         144
  C:226CH         LINE#         145
  C:226FH         LINE#         146
  C:226FH         LINE#         148
  C:226FH         LINE#         149
  C:227BH         LINE#         150
  C:227BH         LINE#         151
  C:2280H         LINE#         152
  C:2283H         LINE#         153
  C:228FH         LINE#         154
  C:228FH         LINE#         155
  C:2298H         LINE#         156
  C:22B3H         LINE#         157
  C:22B6H         LINE#         158
  C:22B9H         LINE#         159
  C:22B9H         LINE#         160
  -------         ENDPROC       LCD_CHARACTER_16X8
  C:2415H         SYMBOL        L?0342
  -------         PROC          L?0341
  -------         ENDPROC       L?0341
  C:2415H         SYMBOL        L?0342
  -------         PROC          LCD_CHARACTER_16X16
  B:0020H.6       SYMBOL        bit_flag
  D:0041H         SYMBOL        x
  D:0042H         SYMBOL        y
  D:0043H         SYMBOL        point
  -------         DO            
  D:0004H         SYMBOL        i
  D:0003H         SYMBOL        j
  D:0045H         SYMBOL        temp
  -------         ENDDO         
  C:241CH         LINE#         168
  C:241CH         LINE#         169
  C:241CH         LINE#         171
  C:241FH         LINE#         172
  C:2422H         LINE#         173
  C:2422H         LINE#         174
  C:2431H         LINE#         175
  C:2431H         LINE#         176
  C:2436H         LINE#         177
  C:2439H         LINE#         178
  C:2445H         LINE#         179
  C:2445H         LINE#         180
  C:244EH         LINE#         181
  C:246FH         LINE#         182
  C:2472H         LINE#         183
  C:2475H         LINE#         184
  C:2475H         LINE#         186
  C:2475H         LINE#         187
  C:2481H         LINE#         188
  C:2481H         LINE#         189
  C:2486H         LINE#         190
BL51 BANKED LINKER/LOCATER V6.22.2.0                                                  06/25/2022  16:26:02  PAGE 10


  C:2489H         LINE#         191
  C:2495H         LINE#         192
  C:2495H         LINE#         193
  C:249EH         LINE#         194
  C:24B9H         LINE#         195
  C:24BCH         LINE#         196
  C:24BFH         LINE#         197
  C:24BFH         LINE#         198
  -------         ENDPROC       LCD_CHARACTER_16X16
  -------         PROC          LCD_CLEAR
  -------         DO            
  D:0006H         SYMBOL        i
  D:0005H         SYMBOL        j
  -------         ENDDO         
  C:27C0H         LINE#         205
  C:27C0H         LINE#         206
  C:27C0H         LINE#         208
  C:27C4H         LINE#         209
  C:27D0H         LINE#         210
  C:27D0H         LINE#         211
  C:27D5H         LINE#         212
  C:27DAH         LINE#         213
  C:27E6H         LINE#         214
  C:27EEH         LINE#         215
  C:27F1H         LINE#         216
  -------         ENDPROC       LCD_CLEAR
  -------         PROC          LCD_INITIAL
  C:291DH         LINE#         223
  C:291DH         LINE#         224
  C:291DH         LINE#         225
  C:2920H         LINE#         226
  C:2925H         LINE#         227
  C:292AH         LINE#         228
  C:292FH         LINE#         229
  C:2932H         LINE#         230
  -------         ENDPROC       LCD_INITIAL
  -------         PROC          _LCD_TIME
  D:002EH         SYMBOL        clock_time
  -------         DO            
  D:0007H         SYMBOL        i
  -------         ENDDO         
  C:2138H         LINE#         240
  C:213EH         LINE#         241
  C:213EH         LINE#         242
  C:213EH         LINE#         244
  C:2144H         LINE#         245
  C:214FH         LINE#         246
  C:215AH         LINE#         247
  C:215FH         LINE#         248
  C:2170H         LINE#         250
  C:217BH         LINE#         251
  C:2186H         LINE#         252
  C:2191H         LINE#         253
  C:219CH         LINE#         254
  C:21A7H         LINE#         255
  C:21B8H         LINE#         257
  C:21C3H         LINE#         258
BL51 BANKED LINKER/LOCATER V6.22.2.0                                                  06/25/2022  16:26:02  PAGE 11


  C:21CEH         LINE#         259
  C:21D9H         LINE#         260
  C:21E4H         LINE#         261
  C:21EFH         LINE#         262
  -------         ENDPROC       _LCD_TIME
  -------         PROC          _LCD_DATA
  D:002EH         SYMBOL        clock_time
  -------         DO            
  D:0007H         SYMBOL        i
  -------         ENDDO         
  C:1E83H         LINE#         271
  C:1E89H         LINE#         272
  C:1E89H         LINE#         273
  C:1E89H         LINE#         274
  C:1E94H         LINE#         277
  C:1E9EH         LINE#         278
  C:1EAAH         LINE#         279
  C:1EB6H         LINE#         280
  C:1EC2H         LINE#         281
  C:1ED3H         LINE#         283
  C:1EDEH         LINE#         284
  C:1EEAH         LINE#         285
  C:1EF6H         LINE#         286
  C:1F02H         LINE#         287
  C:1F0EH         LINE#         288
  C:1F1FH         LINE#         290
  C:1F2AH         LINE#         291
  C:1F36H         LINE#         292
  C:1F42H         LINE#         293
  C:1F4EH         LINE#         294
  C:1F5AH         LINE#         295
  C:1F6BH         LINE#         296
  C:1F7CH         LINE#         297
  -------         ENDPROC       _LCD_DATA
  -------         PROC          _LCD_WEEK
  D:0002H         SYMBOL        week
  C:2703H         LINE#         306
  C:2705H         LINE#         307
  C:2705H         LINE#         308
  C:2716H         LINE#         309
  C:2727H         LINE#         310
  -------         ENDPROC       _LCD_WEEK
  -------         PROC          _LCD_CLOCK
  D:002BH         SYMBOL        clock_time
  C:295CH         LINE#         318
  C:2962H         LINE#         319
  C:2962H         LINE#         320
  C:2965H         LINE#         321
  -------         ENDPROC       _LCD_CLOCK
  -------         PROC          _LCD_LUNAR_CALENDAR
  D:0038H         SYMBOL        lunar_canlendar
  -------         DO            
  D:003BH         SYMBOL        i
  D:003DH         SYMBOL        j
  D:003FH         SYMBOL        k
  -------         ENDDO         
  C:12A2H         LINE#         329
BL51 BANKED LINKER/LOCATER V6.22.2.0                                                  06/25/2022  16:26:02  PAGE 12


  C:12A8H         LINE#         330
  C:12A8H         LINE#         336
  C:12B4H         LINE#         337
  C:12BCH         LINE#         338
  C:12D1H         LINE#         339
  C:12F0H         LINE#         340
  C:1300H         LINE#         341
  C:1324H         LINE#         342
  C:1334H         LINE#         344
  C:1361H         LINE#         346
  C:1370H         LINE#         347
  C:1380H         LINE#         349
  C:13AFH         LINE#         357
  C:13BAH         LINE#         358
  C:13CBH         LINE#         359
  C:13D3H         LINE#         360
  C:13E8H         LINE#         361
  C:13F9H         LINE#         362
  C:1401H         LINE#         363
  C:1411H         LINE#         364
  C:1419H         LINE#         365
  C:1429H         LINE#         366
  C:1431H         LINE#         367
  C:1441H         LINE#         369
  C:1466H         LINE#         373
  C:1471H         LINE#         375
  C:1482H         LINE#         376
  C:148AH         LINE#         377
  C:149FH         LINE#         378
  C:14C9H         LINE#         379
  C:14D9H         LINE#         380
  C:1507H         LINE#         382
  C:1535H         LINE#         383
  -------         ENDPROC       _LCD_LUNAR_CALENDAR
  -------         PROC          _LCD_TEMPERTURE
  D:002BH         SYMBOL        temperature
  -------         DO            
  D:002EH         SYMBOL        temp
  D:002FH         SYMBOL        sign
  -------         ENDDO         
  C:1BA8H         LINE#         391
  C:1BAEH         LINE#         392
  C:1BAEH         LINE#         395
  C:1BB1H         LINE#         397
  C:1BC0H         LINE#         398
  C:1BC0H         LINE#         399
  C:1BC3H         LINE#         400
  C:1BCBH         LINE#         401
  C:1BE0H         LINE#         402
  C:1BE7H         LINE#         404
  C:1BF1H         LINE#         405
  C:1BF3H         LINE#         407
  C:1BF6H         LINE#         408
  C:1C3DH         LINE#         409
  C:1C3DH         LINE#         410
  C:1C42H         LINE#         411
  C:1C44H         LINE#         412
BL51 BANKED LINKER/LOCATER V6.22.2.0                                                  06/25/2022  16:26:02  PAGE 13


  C:1C49H         LINE#         413
  C:1C4BH         LINE#         414
  C:1C50H         LINE#         415
  C:1C55H         LINE#         416
  C:1C57H         LINE#         417
  C:1C5CH         LINE#         418
  C:1C61H         LINE#         419
  C:1C63H         LINE#         420
  C:1C68H         LINE#         421
  C:1C6DH         LINE#         422
  C:1C6FH         LINE#         423
  C:1C74H         LINE#         424
  C:1C74H         LINE#         425
  C:1C77H         LINE#         426
  C:1C77H         LINE#         427
  C:1C77H         LINE#         429
  C:1C88H         LINE#         430
  C:1C99H         LINE#         431
  C:1CAAH         LINE#         432
  C:1CBBH         LINE#         433
  C:1CC8H         LINE#         434
  C:1CD9H         LINE#         435
  C:1CE7H         LINE#         436
  C:1CF2H         LINE#         437
  C:1CFDH         LINE#         438
  C:1D10H         LINE#         439
  C:1D19H         LINE#         440
  C:1D29H         LINE#         442
  C:1D45H         LINE#         444
  C:1D4BH         LINE#         445
  C:1D5BH         LINE#         447
  C:1D6CH         LINE#         459
  -------         ENDPROC       _LCD_TEMPERTURE
  -------         PROC          L?0340
  -------         ENDPROC       L?0340
  -------         PROC          _LCD_SET_CLOCK
  D:0007H         SYMBOL        temp
  D:003DH         SYMBOL        point
  -------         DO            
  B:0020H.0       SYMBOL        year_flag
  B:0020H.1       SYMBOL        month_flag
  B:0020H.2       SYMBOL        day_flag
  B:0020H.3       SYMBOL        hour_flag
  B:0020H.4       SYMBOL        minute_flag
  B:0020H.5       SYMBOL        second_flag
  D:0007H         SYMBOL        i
  -------         ENDDO         
  C:154CH         LINE#         468
  C:1552H         LINE#         469
  C:1552H         LINE#         470
  C:1554H         LINE#         471
  C:1556H         LINE#         472
  C:1558H         LINE#         473
  C:155AH         LINE#         474
  C:155CH         LINE#         475
  C:155EH         LINE#         477
  C:1566H         LINE#         478
BL51 BANKED LINKER/LOCATER V6.22.2.0                                                  06/25/2022  16:26:02  PAGE 14


  C:1568H         LINE#         479
  C:156EH         LINE#         480
  C:1570H         LINE#         481
  C:1576H         LINE#         482
  C:1578H         LINE#         483
  C:157EH         LINE#         484
  C:1580H         LINE#         485
  C:1586H         LINE#         486
  C:1588H         LINE#         487
  C:158EH         LINE#         488
  C:1590H         LINE#         490
  C:15A1H         LINE#         491
  C:15B2H         LINE#         492
  C:15BDH         LINE#         494
  C:15C8H         LINE#         495
  C:15D5H         LINE#         496
  C:15E0H         LINE#         497
  C:15EDH         LINE#         499
  C:15FEH         LINE#         500
  C:160AH         LINE#         502
  C:1615H         LINE#         503
  C:1622H         LINE#         504
  C:162DH         LINE#         505
  C:163AH         LINE#         507
  C:164BH         LINE#         508
  C:1657H         LINE#         510
  C:1662H         LINE#         511
  C:1669H         LINE#         512
  C:1674H         LINE#         513
  C:1681H         LINE#         515
  C:1692H         LINE#         516
  C:16A3H         LINE#         517
  C:16AFH         LINE#         519
  C:16BAH         LINE#         520
  C:16C7H         LINE#         521
  C:16D2H         LINE#         522
  C:16DFH         LINE#         524
  C:16F0H         LINE#         525
  C:16FCH         LINE#         527
  C:1707H         LINE#         528
  C:1714H         LINE#         529
  C:171DH         LINE#         530
  C:172AH         LINE#         532
  C:173BH         LINE#         533
  C:1747H         LINE#         535
  C:1752H         LINE#         536
  C:175CH         LINE#         537
  C:1767H         LINE#         538
  -------         ENDPROC       _LCD_SET_CLOCK
  -------         PROC          _LCD_FUNCTION
  D:0007H         SYMBOL        temp
  -------         DO            
  B:0020H.0       SYMBOL        time_flag
  B:0020H.1       SYMBOL        alarm_flag
  -------         ENDDO         
  C:2368H         LINE#         546
  C:2368H         LINE#         547
BL51 BANKED LINKER/LOCATER V6.22.2.0                                                  06/25/2022  16:26:02  PAGE 15


  C:2368H         LINE#         548
  C:236AH         LINE#         549
  C:236CH         LINE#         550
  C:2374H         LINE#         551
  C:2376H         LINE#         552
  C:237CH         LINE#         553
  C:237EH         LINE#         555
  C:2390H         LINE#         556
  C:23A3H         LINE#         557
  C:23B6H         LINE#         558
  C:23C9H         LINE#         560
  C:23DCH         LINE#         561
  C:23EFH         LINE#         562
  C:2402H         LINE#         563
  -------         ENDPROC       _LCD_FUNCTION
  -------         PROC          _LCD_ALARM
  D:0007H         SYMBOL        temp
  D:0035H         SYMBOL        alarm_time
  -------         DO            
  D:0007H         SYMBOL        i
  B:0020H.0       SYMBOL        hour_flag
  B:0020H.1       SYMBOL        minute_flag
  -------         ENDDO         
  C:1D6DH         LINE#         571
  C:1D73H         LINE#         572
  C:1D73H         LINE#         574
  C:1D75H         LINE#         575
  C:1D77H         LINE#         576
  C:1D7FH         LINE#         577
  C:1D81H         LINE#         578
  C:1D87H         LINE#         579
  C:1D89H         LINE#         580
  C:1D99H         LINE#         582
  C:1DAAH         LINE#         583
  C:1DBBH         LINE#         584
  C:1DCCH         LINE#         585
  C:1DDDH         LINE#         586
  C:1DEEH         LINE#         589
  C:1DFEH         LINE#         590
  C:1E0BH         LINE#         591
  C:1E1DH         LINE#         592
  C:1E2BH         LINE#         593
  C:1E3CH         LINE#         595
  C:1E49H         LINE#         596
  C:1E56H         LINE#         597
  C:1E65H         LINE#         598
  -------         ENDPROC       _LCD_ALARM
  -------         PROC          _CLOCK_WRITE_BYTE
  D:0007H         SYMBOL        temp
  -------         DO            
  D:0007H         SYMBOL        i
  -------         ENDDO         
  C:28CEH         LINE#         24
  C:28CEH         LINE#         25
  C:28CEH         LINE#         27
  C:28CFH         LINE#         28
  C:28DBH         LINE#         29
BL51 BANKED LINKER/LOCATER V6.22.2.0                                                  06/25/2022  16:26:02  PAGE 16


  C:28DBH         LINE#         30
  C:28DFH         LINE#         31
  C:28E1H         LINE#         32
  C:28E3H         LINE#         33
  C:28E5H         LINE#         34
  C:28E8H         LINE#         35
  -------         ENDPROC       _CLOCK_WRITE_BYTE
  -------         PROC          CLOCK_READ_BYTE
  -------         DO            
  D:0007H         SYMBOL        i
  -------         ENDDO         
  C:2903H         LINE#         42
  C:2903H         LINE#         43
  C:2903H         LINE#         45
  C:290FH         LINE#         46
  C:290FH         LINE#         47
  C:2910H         LINE#         48
  C:2914H         LINE#         49
  C:2916H         LINE#         50
  C:2918H         LINE#         51
  C:291BH         LINE#         52
  C:291CH         LINE#         53
  -------         ENDPROC       CLOCK_READ_BYTE
  -------         PROC          _CLOCK_WRITE_TIME
  D:0007H         SYMBOL        address
  D:0006H         SYMBOL        temp
  C:2935H         LINE#         60
  C:2937H         LINE#         61
  C:2937H         LINE#         62
  C:2939H         LINE#         63
  C:293BH         LINE#         64
  C:293DH         LINE#         65
  C:2940H         LINE#         66
  C:2945H         LINE#         67
  C:2947H         LINE#         68
  C:2949H         LINE#         69
  -------         ENDPROC       _CLOCK_WRITE_TIME
  -------         PROC          L?0337
  -------         ENDPROC       L?0337
  -------         PROC          _CLOCK_READ_TIME
  D:0007H         SYMBOL        address
  -------         DO            
  D:0006H         SYMBOL        temp
  -------         ENDDO         
  C:28B7H         LINE#         76
  C:28B7H         LINE#         77
  C:28B7H         LINE#         78
  C:28B9H         LINE#         79
  C:28BBH         LINE#         80
  C:28BDH         LINE#         81
  C:28BFH         LINE#         82
  C:28C6H         LINE#         83
  C:28C9H         LINE#         84
  C:28CBH         LINE#         85
  C:28CDH         LINE#         86
  C:28CDH         LINE#         87
  -------         ENDPROC       _CLOCK_READ_TIME
BL51 BANKED LINKER/LOCATER V6.22.2.0                                                  06/25/2022  16:26:02  PAGE 17


  -------         PROC          _CLOCK_INITIAL
  D:0032H         SYMBOL        clock_time
  C:22BAH         LINE#         95
  C:22C0H         LINE#         96
  C:22C0H         LINE#         97
  C:22C7H         LINE#         98
  C:22D5H         LINE#         99
  C:22E4H         LINE#         100
  C:22EFH         LINE#         101
  C:22FDH         LINE#         102
  C:2308H         LINE#         103
  C:2316H         LINE#         104
  C:2321H         LINE#         105
  C:232FH         LINE#         106
  C:233AH         LINE#         107
  C:2348H         LINE#         108
  C:2353H         LINE#         109
  C:2361H         LINE#         110
  -------         ENDPROC       _CLOCK_INITIAL
  -------         PROC          L?0344
  -------         ENDPROC       L?0344
  -------         PROC          _CLOCK_FRESH
  D:0001H         SYMBOL        clock_time
  C:2668H         LINE#         119
  C:2668H         LINE#         120
  C:2668H         LINE#         121
  C:2671H         LINE#         122
  C:2671H         LINE#         123
  C:267AH         LINE#         124
  C:267AH         LINE#         125
  C:2683H         LINE#         126
  C:268AH         LINE#         127
  C:2693H         LINE#         128
  C:269AH         LINE#         129
  C:26A3H         LINE#         130
  C:26AAH         LINE#         131
  -------         ENDPROC       _CLOCK_FRESH
  -------         PROC          _SENSOR_DELAY
  D:0007H         SYMBOL        count
  C:0003H         LINE#         14
  C:0003H         LINE#         15
  C:0003H         LINE#         16
  C:0009H         LINE#         17
  -------         ENDPROC       _SENSOR_DELAY
  -------         PROC          SENSOR_READ_BYTE
  -------         DO            
  D:0005H         SYMBOL        i
  D:0004H         SYMBOL        temp
  -------         ENDDO         
  C:2842H         LINE#         24
  C:2842H         LINE#         25
  C:2842H         LINE#         26
  C:2843H         LINE#         27
  C:2844H         LINE#         28
  C:2850H         LINE#         29
  C:2850H         LINE#         30
  C:2852H         LINE#         31
BL51 BANKED LINKER/LOCATER V6.22.2.0                                                  06/25/2022  16:26:02  PAGE 18


  C:2855H         LINE#         32
  C:2857H         LINE#         33
  C:285AH         LINE#         34
  C:285DH         LINE#         35
  C:2862H         LINE#         36
  C:2865H         LINE#         37
  C:2867H         LINE#         38
  -------         ENDPROC       SENSOR_READ_BYTE
  -------         PROC          _SENSOR_WRITE_BYTE
  D:0005H         SYMBOL        temp
  -------         DO            
  D:0003H         SYMBOL        i
  -------         ENDDO         
  C:288DH         LINE#         45
  C:288FH         LINE#         46
  C:288FH         LINE#         47
  C:288FH         LINE#         48
  C:289BH         LINE#         49
  C:289BH         LINE#         50
  C:289DH         LINE#         51
  C:28A1H         LINE#         52
  C:28A6H         LINE#         53
  C:28A8H         LINE#         54
  C:28ACH         LINE#         55
  C:28AFH         LINE#         56
  -------         ENDPROC       _SENSOR_WRITE_BYTE
  -------         PROC          SENSOR_INITIAL
  -------         DO            
  D:0005H         SYMBOL        i
  -------         ENDDO         
  C:2868H         LINE#         64
  C:2868H         LINE#         65
  C:2868H         LINE#         66
  C:286AH         LINE#         67
  C:286CH         LINE#         68
  C:2871H         LINE#         69
  C:2873H         LINE#         70
  C:2878H         LINE#         71
  C:287AH         LINE#         72
  C:287FH         LINE#         73
  C:2884H         LINE#         74
  C:2889H         LINE#         75
  C:288CH         LINE#         76
  -------         ENDPROC       SENSOR_INITIAL
  -------         PROC          _SENSOR_FRESH
  D:002BH         SYMBOL        temperature
  C:2747H         LINE#         84
  C:274DH         LINE#         85
  C:274DH         LINE#         86
  C:2750H         LINE#         87
  C:2755H         LINE#         88
  C:275AH         LINE#         89
  C:275DH         LINE#         90
  C:2762H         LINE#         91
  C:2767H         LINE#         92
  C:2774H         LINE#         93
  -------         ENDPROC       _SENSOR_FRESH
BL51 BANKED LINKER/LOCATER V6.22.2.0                                                  06/25/2022  16:26:02  PAGE 19


  C:26B3H         SYMBOL        L?0339
  -------         PROC          L?0338
  -------         ENDPROC       L?0338
  C:26B3H         SYMBOL        L?0339
  -------         PROC          _GET_MOON_DAY
  D:0003H         SYMBOL        month_p
  D:0038H         SYMBOL        calendar_address
  -------         DO            
  D:0006H         SYMBOL        temp
  D:0007H         SYMBOL        temp1
  -------         ENDDO         
  C:26B9H         LINE#         13
  C:26BFH         LINE#         14
  C:26BFH         LINE#         17
  C:26D1H         LINE#         18
  C:26E2H         LINE#         19
  C:26FAH         LINE#         20
  C:2702H         LINE#         43
  -------         ENDPROC       _GET_MOON_DAY
  -------         PROC          _CALENDAR_CONVERT
  D:002BH         SYMBOL        c_flag
  D:0001H         SYMBOL        clock_time
  -------         DO            
  B:0020H.0       SYMBOL        flag_month
  B:0020H.1       SYMBOL        flag_year
  D:002CH         SYMBOL        year
  D:002DH         SYMBOL        month
  D:002EH         SYMBOL        day
  D:002FH         SYMBOL        month_point
  D:0002H         SYMBOL        temp1
  D:0001H         SYMBOL        temp2
  D:0030H         SYMBOL        temp3
  D:0031H         SYMBOL        calendar_address
  D:0033H         SYMBOL        day_number
  D:0035H         SYMBOL        clock_moon
  -------         ENDDO         
  C:1784H         LINE#         51
  C:1786H         LINE#         52
  C:1786H         LINE#         61
  C:178DH         LINE#         62
  C:179FH         LINE#         63
  C:17A6H         LINE#         64
  C:17B8H         LINE#         65
  C:17BFH         LINE#         66
  C:17D1H         LINE#         69
  C:17D5H         LINE#         70
  C:17DEH         LINE#         72
  C:17F2H         LINE#         75
  C:1803H         LINE#         76
  C:1808H         LINE#         78
  C:180CH         LINE#         87
  C:180FH         LINE#         88
  C:181AH         LINE#         92
  C:1827H         LINE#         93
  C:1835H         LINE#         95
  C:184DH         LINE#         101
  C:1866H         LINE#         108
BL51 BANKED LINKER/LOCATER V6.22.2.0                                                  06/25/2022  16:26:02  PAGE 20


  C:1873H         LINE#         109
  C:1873H         LINE#         110
  C:187DH         LINE#         111
  C:1880H         LINE#         112
  C:1883H         LINE#         113
  C:1888H         LINE#         114
  C:188AH         LINE#         120
  C:1893H         LINE#         123
  C:18A3H         LINE#         124
  C:18A7H         LINE#         126
  C:18B4H         LINE#         127
  C:18B4H         LINE#         128
  C:18BEH         LINE#         129
  C:18C0H         LINE#         130
  C:18C5H         LINE#         131
  C:18C5H         LINE#         132
  C:18C7H         LINE#         133
  C:18CAH         LINE#         134
  C:18CCH         LINE#         135
  C:18CEH         LINE#         137
  C:18D0H         LINE#         138
  C:18D5H         LINE#         139
  C:18D8H         LINE#         140
  C:18DCH         LINE#         142
  C:18DEH         LINE#         143
  C:18E0H         LINE#         144
  C:18E2H         LINE#         145
  C:18E5H         LINE#         147
  C:18E5H         LINE#         148
  C:18ECH         LINE#         149
  C:18F0H         LINE#         150
  C:18F8H         LINE#         152
  C:18FAH         LINE#         153
  C:1906H         LINE#         154
  C:1909H         LINE#         155
  C:1919H         LINE#         156
  C:191DH         LINE#         157
  C:191FH         LINE#         158
  C:1921H         LINE#         159
  C:1926H         LINE#         161
  C:1929H         LINE#         163
  C:192EH         LINE#         164
  C:1931H         LINE#         165
  C:1935H         LINE#         167
  C:1937H         LINE#         168
  C:193DH         LINE#         169
  C:193DH         LINE#         170
  C:1942H         LINE#         171
  C:1944H         LINE#         172
  C:1947H         LINE#         173
  C:1949H         LINE#         174
  C:194EH         LINE#         175
  C:1950H         LINE#         176
  C:1955H         LINE#         177
  C:1958H         LINE#         178
  C:195CH         LINE#         180
  C:195EH         LINE#         182
BL51 BANKED LINKER/LOCATER V6.22.2.0                                                  06/25/2022  16:26:02  PAGE 21


  C:1960H         LINE#         183
  C:1967H         LINE#         184
  C:1967H         LINE#         186
  C:196DH         LINE#         187
  C:1971H         LINE#         188
  C:197CH         LINE#         190
  C:1982H         LINE#         191
  C:1986H         LINE#         192
  C:1991H         LINE#         194
  C:1997H         LINE#         195
  C:199BH         LINE#         196
  C:19A6H         LINE#         197
  -------         ENDPROC       _CALENDAR_CONVERT
  -------         PROC          WEEK_CONVERT
  B:0020H.0       SYMBOL        c
  D:002BH         SYMBOL        clock_time
  -------         DO            
  D:0007H         SYMBOL        year
  D:002EH         SYMBOL        month
  D:002FH         SYMBOL        day
  D:0006H         SYMBOL        temp
  -------         ENDDO         
  C:24C0H         LINE#         207
  C:24C0H         LINE#         208
  C:24C0H         LINE#         212
  C:24CBH         LINE#         213
  C:24E2H         LINE#         214
  C:24EDH         LINE#         215
  C:2502H         LINE#         216
  C:250DH         LINE#         217
  C:2521H         LINE#         219
  C:2524H         LINE#         220
  C:2527H         LINE#         221
  C:252CH         LINE#         222
  C:252DH         LINE#         223
  C:2533H         LINE#         224
  C:253FH         LINE#         225
  C:254FH         LINE#         226
  C:2550H         LINE#         227
  -------         ENDPROC       WEEK_CONVERT
  -------         PROC          KEY_IDLE
  C:29BCH         LINE#         16
  C:29BCH         LINE#         17
  C:29BCH         LINE#         18
  C:29C4H         LINE#         20
  -------         ENDPROC       KEY_IDLE
  -------         PROC          KEY_SCAN
  C:2784H         LINE#         28
  C:2784H         LINE#         29
  C:2784H         LINE#         30
  C:278CH         LINE#         31
  C:278CH         LINE#         32
  C:2793H         LINE#         33
  C:279BH         LINE#         34
  C:279BH         LINE#         36
  C:27AEH         LINE#         37
  C:27AEH         LINE#         38
BL51 BANKED LINKER/LOCATER V6.22.2.0                                                  06/25/2022  16:26:02  PAGE 22


  C:27AEH         LINE#         39
  C:27B1H         LINE#         40
  C:27B1H         LINE#         41
  C:27B4H         LINE#         42
  C:27B4H         LINE#         43
  C:27B7H         LINE#         44
  C:27B7H         LINE#         45
  C:27BAH         LINE#         46
  C:27BAH         LINE#         47
  C:27BDH         LINE#         48
  C:27BDH         LINE#         49
  C:27BDH         LINE#         50
  C:27BDH         LINE#         51
  C:27BFH         LINE#         52
  -------         ENDPROC       KEY_SCAN
  -------         PROC          _KEY_SET_CLOCK
  D:0032H         SYMBOL        clock_time
  -------         DO            
  D:0035H         SYMBOL        i
  C:129FH         SYMBOL        loop
  -------         DO            
  D:0038H         SYMBOL        minute
  -------         DO            
  D:0039H         SYMBOL        hour
  -------         DO            
  D:003AH         SYMBOL        day
  -------         DO            
  D:003BH         SYMBOL        month
  -------         DO            
  D:003CH         SYMBOL        year
  -------         ENDDO         
  -------         ENDDO         
  -------         ENDDO         
  -------         ENDDO         
  -------         ENDDO         
  -------         ENDDO         
  C:0F16H         LINE#         60
  C:0F1CH         LINE#         61
  C:0F1CH         LINE#         63
  C:0F22H         LINE#         64
  C:0F2DH         LINE#         65
  C:0F2DH         LINE#         66
  C:0F30H         LINE#         67
  C:0F30H         LINE#         68
  C:0F30H         LINE#         70
  C:0F48H         LINE#         71
  C:0F5BH         LINE#         72
  C:0F5BH         LINE#         73
  C:0F5BH         LINE#         74
  C:0F5BH         LINE#         75
  C:0F5DH         LINE#         76
  C:0F63H         LINE#         77
  C:0F65H         LINE#         78
  C:0F77H         LINE#         79
  C:0F8DH         LINE#         80
  C:0F93H         LINE#         81
  C:0F93H         LINE#         82
BL51 BANKED LINKER/LOCATER V6.22.2.0                                                  06/25/2022  16:26:02  PAGE 23


  C:0F93H         LINE#         83
  C:0F95H         LINE#         84
  C:0F95H         LINE#         85
  C:0F95H         LINE#         86
  C:0F99H         LINE#         87
  C:0F9CH         LINE#         88
  C:0F9EH         LINE#         89
  C:0FB0H         LINE#         90
  C:0FC6H         LINE#         91
  C:0FD1H         LINE#         92
  C:0FD4H         LINE#         93
  C:0FD4H         LINE#         94
  C:0FD7H         LINE#         96
  C:0FD7H         LINE#         97
  C:0FD7H         LINE#         98
  C:0FE2H         LINE#         99
  C:0FE2H         LINE#         100
  C:0FE5H         LINE#         101
  C:0FE5H         LINE#         102
  C:0FE5H         LINE#         104
  C:0FFDH         LINE#         105
  C:100DH         LINE#         106
  C:100DH         LINE#         107
  C:100DH         LINE#         108
  C:100DH         LINE#         109
  C:100FH         LINE#         110
  C:1015H         LINE#         111
  C:1017H         LINE#         112
  C:1029H         LINE#         113
  C:103FH         LINE#         114
  C:103FH         LINE#         115
  C:103FH         LINE#         116
  C:103FH         LINE#         117
  C:1041H         LINE#         119
  C:1041H         LINE#         120
  C:1041H         LINE#         121
  C:1045H         LINE#         122
  C:1048H         LINE#         123
  C:104AH         LINE#         124
  C:104EH         LINE#         125
  C:1051H         LINE#         126
  C:1063H         LINE#         127
  C:1079H         LINE#         128
  C:107EH         LINE#         129
  C:1081H         LINE#         130
  C:1081H         LINE#         131
  C:1084H         LINE#         133
  C:1084H         LINE#         134
  C:1084H         LINE#         135
  C:108FH         LINE#         136
  C:108FH         LINE#         137
  C:1092H         LINE#         138
  C:1092H         LINE#         139
  C:1092H         LINE#         141
  C:10AAH         LINE#         142
  C:10BAH         LINE#         143
  C:10BAH         LINE#         144
BL51 BANKED LINKER/LOCATER V6.22.2.0                                                  06/25/2022  16:26:02  PAGE 24


  C:10BAH         LINE#         145
  C:10BAH         LINE#         146
  C:10BCH         LINE#         147
  C:10C2H         LINE#         148
  C:10C5H         LINE#         149
  C:10D7H         LINE#         150
  C:10EDH         LINE#         151
  C:10EDH         LINE#         152
  C:10EDH         LINE#         153
  C:10EDH         LINE#         154
  C:10EFH         LINE#         155
  C:10EFH         LINE#         156
  C:10EFH         LINE#         157
  C:10F3H         LINE#         158
  C:10F6H         LINE#         159
  C:10F8H         LINE#         160
  C:10FCH         LINE#         161
  C:10FFH         LINE#         162
  C:1111H         LINE#         163
  C:1127H         LINE#         164
  C:112CH         LINE#         165
  C:112FH         LINE#         166
  C:112FH         LINE#         167
  C:1132H         LINE#         169
  C:1132H         LINE#         170
  C:1132H         LINE#         171
  C:113DH         LINE#         172
  C:113DH         LINE#         173
  C:1140H         LINE#         174
  C:1140H         LINE#         175
  C:1140H         LINE#         177
  C:1158H         LINE#         178
  C:116BH         LINE#         179
  C:116BH         LINE#         180
  C:116BH         LINE#         181
  C:116BH         LINE#         182
  C:116DH         LINE#         183
  C:1173H         LINE#         184
  C:1176H         LINE#         185
  C:1188H         LINE#         186
  C:119EH         LINE#         187
  C:119EH         LINE#         188
  C:119EH         LINE#         189
  C:119EH         LINE#         190
  C:11A0H         LINE#         191
  C:11A0H         LINE#         192
  C:11A0H         LINE#         193
  C:11A4H         LINE#         194
  C:11A7H         LINE#         195
  C:11A9H         LINE#         196
  C:11ADH         LINE#         197
  C:11B0H         LINE#         198
  C:11C2H         LINE#         199
  C:11D8H         LINE#         200
  C:11E3H         LINE#         201
  C:11E6H         LINE#         202
  C:11E6H         LINE#         203
BL51 BANKED LINKER/LOCATER V6.22.2.0                                                  06/25/2022  16:26:02  PAGE 25


  C:11E9H         LINE#         205
  C:11E9H         LINE#         206
  C:11E9H         LINE#         207
  C:11F4H         LINE#         208
  C:11F4H         LINE#         209
  C:11F7H         LINE#         210
  C:11F7H         LINE#         211
  C:11F7H         LINE#         213
  C:120FH         LINE#         214
  C:1222H         LINE#         215
  C:1222H         LINE#         216
  C:1222H         LINE#         217
  C:1222H         LINE#         218
  C:1224H         LINE#         219
  C:122AH         LINE#         220
  C:122CH         LINE#         221
  C:123EH         LINE#         222
  C:1254H         LINE#         223
  C:1254H         LINE#         224
  C:1254H         LINE#         225
  C:1254H         LINE#         226
  C:1256H         LINE#         227
  C:1256H         LINE#         228
  C:1256H         LINE#         229
  C:125AH         LINE#         230
  C:125DH         LINE#         231
  C:125FH         LINE#         232
  C:1263H         LINE#         233
  C:1266H         LINE#         234
  C:1278H         LINE#         235
  C:128EH         LINE#         236
  C:1299H         LINE#         237
  C:129CH         LINE#         238
  C:129CH         LINE#         239
  C:129FH         LINE#         241
  C:129FH         LINE#         242
  C:129FH         LINE#         243
  C:129FH         LINE#         244
  C:129FH         LINE#         245
  C:129FH         LINE#         246
  C:129FH         LINE#         247
  C:129FH         LINE#         248
  C:129FH         LINE#         249
  C:129FH         LINE#         250
  C:129FH         LINE#         251
  C:129FH         LINE#         252
  C:129FH         LINE#         253
  C:129FH         LINE#         254
  C:129FH         LINE#         255
  C:129FH         LINE#         256
  C:129FH         LINE#         257
  C:129FH         LINE#         258
  C:129FH         LINE#         259
  C:129FH         LINE#         260
  C:129FH         LINE#         261
  -------         ENDPROC       _KEY_SET_CLOCK
  -------         PROC          _KEY_SET_ALARM
BL51 BANKED LINKER/LOCATER V6.22.2.0                                                  06/25/2022  16:26:02  PAGE 26


  D:0032H         SYMBOL        alarm_time
  -------         DO            
  C:2061H         SYMBOL        loop
  -------         ENDDO         
  C:1F8DH         LINE#         269
  C:1F93H         LINE#         270
  C:1F93H         LINE#         271
  C:1F93H         LINE#         272
  C:1F95H         LINE#         273
  C:1F95H         LINE#         274
  C:1F95H         LINE#         275
  C:1FA7H         LINE#         276
  C:1FA7H         LINE#         277
  C:1FA7H         LINE#         278
  C:1FA7H         LINE#         279
  C:1FB2H         LINE#         280
  C:1FB9H         LINE#         281
  C:1FBCH         LINE#         282
  C:1FC2H         LINE#         283
  C:1FC2H         LINE#         284
  C:1FC2H         LINE#         285
  C:1FC4H         LINE#         286
  C:1FC4H         LINE#         287
  C:1FC4H         LINE#         288
  C:1FCFH         LINE#         289
  C:1FD4H         LINE#         290
  C:1FDFH         LINE#         291
  C:1FE4H         LINE#         292
  C:1FE7H         LINE#         293
  C:1FE7H         LINE#         294
  C:1FE9H         LINE#         295
  C:1FE9H         LINE#         296
  C:1FE9H         LINE#         297
  C:1FE9H         LINE#         298
  C:1FEBH         LINE#         299
  C:1FEBH         LINE#         300
  C:1FEBH         LINE#         301
  C:1FEBH         LINE#         302
  C:1FEBH         LINE#         303
  C:1FF6H         LINE#         304
  C:1FFBH         LINE#         305
  C:1FFDH         LINE#         306
  C:1FFDH         LINE#         307
  C:1FFDH         LINE#         308
  C:200FH         LINE#         309
  C:200FH         LINE#         310
  C:200FH         LINE#         311
  C:200FH         LINE#         312
  C:201AH         LINE#         313
  C:2021H         LINE#         314
  C:2024H         LINE#         315
  C:202DH         LINE#         316
  C:202DH         LINE#         317
  C:202DH         LINE#         318
  C:202FH         LINE#         319
  C:202FH         LINE#         320
  C:202FH         LINE#         321
BL51 BANKED LINKER/LOCATER V6.22.2.0                                                  06/25/2022  16:26:02  PAGE 27


  C:203AH         LINE#         322
  C:203FH         LINE#         323
  C:204AH         LINE#         324
  C:2057H         LINE#         325
  C:205AH         LINE#         326
  C:205AH         LINE#         327
  C:205CH         LINE#         328
  C:205CH         LINE#         329
  C:205CH         LINE#         330
  C:205CH         LINE#         331
  C:205EH         LINE#         332
  C:205EH         LINE#         333
  C:205EH         LINE#         334
  C:205EH         LINE#         335
  C:205EH         LINE#         336
  C:2061H         LINE#         337
  C:2061H         LINE#         338
  C:2061H         LINE#         339
  C:2061H         LINE#         340
  C:2061H         LINE#         341
  C:2061H         LINE#         342
  C:2061H         LINE#         343
  C:2061H         LINE#         344
  C:2061H         LINE#         345
  C:2061H         LINE#         346
  C:2061H         LINE#         347
  -------         ENDPROC       _KEY_SET_ALARM
  -------         PROC          _KEY_FUNCTION
  D:002BH         SYMBOL        clock_time
  D:002EH         SYMBOL        alarm_time
  -------         DO            
  D:0031H         SYMBOL        temp
  C:265FH         SYMBOL        loop
  -------         ENDDO         
  C:25E6H         LINE#         355
  C:25ECH         LINE#         356
  C:25ECH         LINE#         357
  C:25EFH         LINE#         358
  C:25F2H         LINE#         359
  C:25F2H         LINE#         360
  C:25F4H         LINE#         361
  C:25F4H         LINE#         362
  C:25F4H         LINE#         363
  C:2606H         LINE#         364
  C:2606H         LINE#         365
  C:2606H         LINE#         366
  C:2606H         LINE#         367
  C:2608H         LINE#         368
  C:2613H         LINE#         369
  C:2616H         LINE#         370
  C:2616H         LINE#         371
  C:2616H         LINE#         372
  C:2616H         LINE#         373
  C:2618H         LINE#         374
  C:2618H         LINE#         375
  C:2618H         LINE#         376
  C:261AH         LINE#         377
BL51 BANKED LINKER/LOCATER V6.22.2.0                                                  06/25/2022  16:26:02  PAGE 28


  C:261EH         LINE#         378
  C:2621H         LINE#         379
  C:2626H         LINE#         380
  C:2629H         LINE#         381
  C:2629H         LINE#         382
  C:262BH         LINE#         383
  C:262BH         LINE#         384
  C:262BH         LINE#         385
  C:262BH         LINE#         386
  C:262DH         LINE#         387
  C:262DH         LINE#         388
  C:262DH         LINE#         389
  C:262DH         LINE#         390
  C:262DH         LINE#         391
  C:2633H         LINE#         392
  C:2633H         LINE#         393
  C:2636H         LINE#         394
  C:263FH         LINE#         395
  C:2648H         LINE#         396
  C:2648H         LINE#         397
  C:264AH         LINE#         398
  C:264AH         LINE#         399
  C:2650H         LINE#         400
  C:2650H         LINE#         401
  C:2653H         LINE#         402
  C:265CH         LINE#         403
  C:265FH         LINE#         404
  C:265FH         LINE#         405
  C:265FH         LINE#         406
  C:265FH         LINE#         407
  C:265FH         LINE#         408
  C:265FH         LINE#         409
  C:265FH         LINE#         410
  C:265FH         LINE#         411
  -------         ENDPROC       _KEY_FUNCTION
  -------         PROC          TIMER0_SERVICE
  -------         DO            
  D:0008H         SYMBOL        count
  D:0009H         SYMBOL        flag
  -------         ENDDO         
  C:27F2H         LINE#         21
  C:27F4H         LINE#         25
  C:27F7H         LINE#         26
  C:27F9H         LINE#         27
  C:27FCH         LINE#         28
  C:27FFH         LINE#         29
  C:2801H         LINE#         30
  C:2803H         LINE#         31
  C:2809H         LINE#         32
  C:2809H         LINE#         33
  C:280BH         LINE#         34
  C:280DH         LINE#         35
  C:280FH         LINE#         36
  C:280FH         LINE#         37
  C:2815H         LINE#         38
  C:2815H         LINE#         39
  C:2817H         LINE#         40
BL51 BANKED LINKER/LOCATER V6.22.2.0                                                  06/25/2022  16:26:02  PAGE 29


  C:2819H         LINE#         41
  C:2819H         LINE#         42
  -------         ENDPROC       TIMER0_SERVICE
  -------         PROC          _HEXNUM_CONVERT
  D:0007H         SYMBOL        HexNum
  -------         DO            
  D:0007H         SYMBOL        Numtemp
  -------         ENDDO         
  C:296EH         LINE#         49
  C:296EH         LINE#         50
  C:296EH         LINE#         52
  C:297CH         LINE#         53
  C:297CH         LINE#         54
  -------         ENDPROC       _HEXNUM_CONVERT
  -------         PROC          MAIN
  -------         DO            
  D:0021H         SYMBOL        clock_time
  D:0027H         SYMBOL        alarm_time
  D:0029H         SYMBOL        temperature
  -------         ENDDO         
  C:2064H         LINE#         61
  C:2064H         LINE#         62
  C:2064H         LINE#         63
  C:2077H         LINE#         64
  C:208AH         LINE#         66
  C:208DH         LINE#         67
  C:2090H         LINE#         68
  C:2097H         LINE#         71
  C:2099H         LINE#         72
  C:209BH         LINE#         73
  C:209DH         LINE#         74
  C:20A0H         LINE#         75
  C:20A3H         LINE#         76
  C:20A6H         LINE#         78
  C:20A6H         LINE#         79
  C:20A6H         LINE#         80
  C:20BAH         LINE#         81
  C:20BAH         LINE#         82
  C:20BAH         LINE#         83
  C:20BAH         LINE#         84
  C:20BAH         LINE#         85
  C:20BAH         LINE#         86
  C:20BCH         LINE#         87
  C:20BCH         LINE#         88
  C:20BCH         LINE#         89
  C:20BCH         LINE#         90
  C:20BCH         LINE#         91
  C:20BEH         LINE#         92
  C:20BEH         LINE#         93
  C:20BEH         LINE#         94
  C:20C1H         LINE#         95
  C:20C1H         LINE#         96
  C:20C3H         LINE#         97
  C:20C3H         LINE#         98
  C:20C3H         LINE#         99
  C:20D5H         LINE#         100
  C:20D5H         LINE#         101
BL51 BANKED LINKER/LOCATER V6.22.2.0                                                  06/25/2022  16:26:02  PAGE 30


  C:20D5H         LINE#         102
  C:20D5H         LINE#         103
  C:20D8H         LINE#         104
  C:20DFH         LINE#         106
  C:20E8H         LINE#         107
  C:20F1H         LINE#         109
  C:20FCH         LINE#         110
  C:210AH         LINE#         113
  C:2116H         LINE#         114
  C:2116H         LINE#         115
  C:2118H         LINE#         116
  C:211AH         LINE#         117
  C:211AH         LINE#         119
  C:2124H         LINE#         120
  C:2131H         LINE#         121
  C:2131H         LINE#         122
  C:2133H         LINE#         123
  C:2135H         LINE#         124
  C:2135H         LINE#         125
  C:2135H         LINE#         126
  -------         ENDPROC       MAIN
  -------         ENDMOD        TEST

  -------         MODULE        ?C?COPY
  C:1A7FH         PUBLIC        ?C?COPY
  -------         ENDMOD        ?C?COPY

  -------         MODULE        ?C?CLDPTR
  C:1AA5H         PUBLIC        ?C?CLDPTR
  -------         ENDMOD        ?C?CLDPTR

  -------         MODULE        ?C?CLDOPTR
  C:1ABEH         PUBLIC        ?C?CLDOPTR
  -------         ENDMOD        ?C?CLDOPTR

  -------         MODULE        ?C?CILDPTR
  C:1AEBH         PUBLIC        ?C?CILDPTR
  -------         ENDMOD        ?C?CILDPTR

  -------         MODULE        ?C?CSTPTR
  C:1B0DH         PUBLIC        ?C?CSTPTR
  -------         ENDMOD        ?C?CSTPTR

  -------         MODULE        ?C?CSTOPTR
  C:1B1FH         PUBLIC        ?C?CSTOPTR
  -------         ENDMOD        ?C?CSTOPTR

  -------         MODULE        ?C?IMUL
  C:1B41H         PUBLIC        ?C?IMUL
  -------         ENDMOD        ?C?IMUL

  -------         MODULE        ?C?UIDIV
  C:1B53H         PUBLIC        ?C?UIDIV
  -------         ENDMOD        ?C?UIDIV

Program Size: data=48.7 xdata=0 code=10699
LINK/LOCATE RUN COMPLETE.  0 WARNING(S),  0 ERROR(S)
